Fitter report for counter
Wed Jan 24 14:44:49 2018
Quartus II Version 9.0 Build 235 06/17/2009 Service Pack 2 SJ Web Edition


---------------------
; Table of Contents ;
---------------------
  1. Legal Notice
  2. Fitter Summary
  3. Fitter Settings
  4. Parallel Compilation
  5. Fitter Device Options
  6. Input Pins
  7. Output Pins
  8. All Package Pins
  9. Control Signals
 10. Global & Other Fast Signals
 11. Carry Chains
 12. Cascade Chains
 13. Non-Global High Fan-Out Signals
 14. LAB
 15. Local Routing Interconnect
 16. LAB External Interconnect
 17. Row Interconnect
 18. LAB Column Interconnect
 19. LAB Column Interconnect
 20. Fitter Resource Usage Summary
 21. Fitter Resource Utilization by Entity
 22. Delay Chain Summary
 23. Pin-Out File
 24. Fitter Messages



----------------
; Legal Notice ;
----------------
Copyright (C) 1991-2009 Altera Corporation
Your use of Altera Corporation's design tools, logic functions 
and other software and tools, and its AMPP partner logic 
functions, and any output files from any of the foregoing 
(including device programming or simulation files), and any 
associated documentation or information are expressly subject 
to the terms and conditions of the Altera Program License 
Subscription Agreement, Altera MegaCore Function License 
Agreement, or other applicable license agreement, including, 
without limitation, that your use is for the sole purpose of 
programming logic devices manufactured by Altera and sold by 
Altera or its authorized distributors.  Please refer to the 
applicable agreement for further details.



+----------------------------------------------------------------------+
; Fitter Summary                                                       ;
+-----------------------+----------------------------------------------+
; Fitter Status         ; Successful - Wed Jan 24 14:44:49 2018        ;
; Quartus II Version    ; 9.0 Build 235 06/17/2009 SP 2 SJ Web Edition ;
; Revision Name         ; counter                                      ;
; Top-level Entity Name ; my_counter                                   ;
; Family                ; FLEX10K                                      ;
; Device                ; EPF10K70RC240-4                              ;
; Timing Models         ; Final                                        ;
; Total logic elements  ; 76 / 3,744 ( 2 % )                           ;
; Total pins            ; 19 / 189 ( 10 % )                            ;
; Total memory bits     ; 0 / 18,432 ( 0 % )                           ;
+-----------------------+----------------------------------------------+


+------------------------------------------------------------------------------------------------------+
; Fitter Settings                                                                                      ;
+------------------------------------------------------------+--------------------+--------------------+
; Option                                                     ; Setting            ; Default Value      ;
+------------------------------------------------------------+--------------------+--------------------+
; Device                                                     ; EPF10K70RC240-4    ;                    ;
; Use smart compilation                                      ; Off                ; Off                ;
; Use TimeQuest Timing Analyzer                              ; Off                ; Off                ;
; Router Timing Optimization Level                           ; Normal             ; Normal             ;
; Placement Effort Multiplier                                ; 1.0                ; 1.0                ;
; Router Effort Multiplier                                   ; 1.0                ; 1.0                ;
; Optimize Timing                                            ; Normal compilation ; Normal compilation ;
; Optimize Timing for ECOs                                   ; Off                ; Off                ;
; Regenerate full fit report during ECO compiles             ; Off                ; Off                ;
; Optimize IOC Register Placement for Timing                 ; On                 ; On                 ;
; Limit to One Fitting Attempt                               ; Off                ; Off                ;
; Final Placement Optimizations                              ; Automatically      ; Automatically      ;
; Fitter Aggressive Routability Optimizations                ; Automatically      ; Automatically      ;
; Fitter Initial Placement Seed                              ; 1                  ; 1                  ;
; Slow Slew Rate                                             ; Off                ; Off                ;
; Auto Global Memory Control Signals                         ; Off                ; Off                ;
; Logic Cell Insertion - Individual Logic Cells              ; On                 ; On                 ;
; Logic Cell Insertion - I/Os Fed By Carry or Cascade Chains ; On                 ; On                 ;
; Fitter Effort                                              ; Auto Fit           ; Auto Fit           ;
; Auto Global Clock                                          ; On                 ; On                 ;
; Auto Global Output Enable                                  ; On                 ; On                 ;
; Auto Global Register Control Signals                       ; On                 ; On                 ;
; Force Fitter to Avoid Periphery Placement Warnings         ; Off                ; Off                ;
+------------------------------------------------------------+--------------------+--------------------+


Parallel compilation was disabled, but you have multiple processors available. Enable parallel compilation to reduce compilation time.
+-------------------------------------+
; Parallel Compilation                ;
+----------------------------+--------+
; Processors                 ; Number ;
+----------------------------+--------+
; Number detected on machine ; 2      ;
; Maximum allowed            ; 1      ;
+----------------------------+--------+


+--------------------------------------------------------------------+
; Fitter Device Options                                              ;
+----------------------------------------------+---------------------+
; Option                                       ; Setting             ;
+----------------------------------------------+---------------------+
; Enable user-supplied start-up clock (CLKUSR) ; Off                 ;
; Enable device-wide reset (DEV_CLRn)          ; Off                 ;
; Enable device-wide output enable (DEV_OE)    ; Off                 ;
; Enable INIT_DONE output                      ; Off                 ;
; Configuration scheme                         ; Passive Serial      ;
; nWS, nRS, nCS, CS                            ; Unreserved          ;
; RDYnBUSY                                     ; Unreserved          ;
; Data[7..1]                                   ; Unreserved          ;
; Reserve all unused pins                      ; As input tri-stated ;
; Base pin-out file on sameframe device        ; Off                 ;
+----------------------------------------------+---------------------+


+--------------------------------------------------------------------------------------------------------------------------------------------+
; Input Pins                                                                                                                                 ;
+------------+-------+-----+------+---------+--------+--------------+-------------------------+---------------+---------------+--------------+
; Name       ; Pin # ; Row ; Col. ; Fan-Out ; Global ; I/O Register ; Use Local Routing Input ; Power Up High ; Single-Pin CE ; I/O Standard ;
+------------+-------+-----+------+---------+--------+--------------+-------------------------+---------------+---------------+--------------+
; clk        ; 91    ; --  ; --   ; 47      ; yes    ; no           ; no                      ; no            ; no            ; TTL          ;
; count_up   ; 29    ;  D  ; --   ; 2       ; no     ; no           ; no                      ; no            ; no            ; TTL          ;
; count_down ; 28    ;  D  ; --   ; 2       ; no     ; no           ; no                      ; no            ; no            ; TTL          ;
+------------+-------+-----+------+---------+--------+--------------+-------------------------+---------------+---------------+--------------+


+----------------------------------------------------------------------------------------------------------------------------------------------------------------------------------------+
; Output Pins                                                                                                                                                                            ;
+------------+-------+-----+------+--------------+--------------------------+---------------+----------------+---------------+---------------+------------+---------------+--------------+
; Name       ; Pin # ; Row ; Col. ; I/O Register ; Use Local Routing Output ; Power Up High ; Slow Slew Rate ; Single-Pin OE ; Single-Pin CE ; Open Drain ; TRI Primitive ; I/O Standard ;
+------------+-------+-----+------+--------------+--------------------------+---------------+----------------+---------------+---------------+------------+---------------+--------------+
; segm_o1[2] ; 12    ;  B  ; --   ; no           ; no                       ; no            ; no             ; no            ; no            ; no         ; no            ; TTL          ;
; segm_o1[3] ; 11    ;  A  ; --   ; no           ; no                       ; no            ; no             ; no            ; no            ; no         ; no            ; TTL          ;
; segm_o1[4] ; 9     ;  A  ; --   ; no           ; no                       ; no            ; no             ; no            ; no            ; no         ; no            ; TTL          ;
; segm_o1[7] ; 6     ;  A  ; --   ; no           ; no                       ; no            ; no             ; no            ; no            ; no         ; no            ; TTL          ;
; segm_o2[1] ; 24    ;  C  ; --   ; no           ; no                       ; no            ; no             ; no            ; no            ; no         ; no            ; TTL          ;
; segm_o2[2] ; 23    ;  C  ; --   ; no           ; no                       ; no            ; no             ; no            ; no            ; no         ; no            ; TTL          ;
; segm_o2[3] ; 21    ;  C  ; --   ; no           ; no                       ; no            ; no             ; no            ; no            ; no         ; no            ; TTL          ;
; segm_o2[4] ; 20    ;  C  ; --   ; no           ; no                       ; no            ; no             ; no            ; no            ; no         ; no            ; TTL          ;
; segm_o2[5] ; 19    ;  C  ; --   ; no           ; no                       ; no            ; no             ; no            ; no            ; no         ; no            ; TTL          ;
; segm_o2[6] ; 18    ;  B  ; --   ; no           ; no                       ; no            ; no             ; no            ; no            ; no         ; no            ; TTL          ;
; segm_o2[7] ; 17    ;  B  ; --   ; no           ; no                       ; no            ; no             ; no            ; no            ; no         ; no            ; TTL          ;
; segm_o1[0] ; 14    ;  B  ; --   ; no           ; no                       ; no            ; no             ; no            ; no            ; no         ; no            ; TTL          ;
; segm_o1[1] ; 13    ;  B  ; --   ; no           ; no                       ; no            ; no             ; no            ; no            ; no         ; no            ; TTL          ;
; segm_o1[5] ; 8     ;  A  ; --   ; no           ; no                       ; no            ; no             ; no            ; no            ; no         ; no            ; TTL          ;
; segm_o1[6] ; 7     ;  A  ; --   ; no           ; no                       ; no            ; no             ; no            ; no            ; no         ; no            ; TTL          ;
; segm_o2[0] ; 25    ;  D  ; --   ; no           ; no                       ; no            ; no             ; no            ; no            ; no         ; no            ; TTL          ;
+------------+-------+-----+------+--------------+--------------------------+---------------+----------------+---------------+---------------+------------+---------------+--------------+


+---------------------------------------+
; All Package Pins                      ;
+-------+----------------+--------------+
; Pin # ; Usage          ; I/O Standard ;
+-------+----------------+--------------+
; 1     ; #TCK           ;              ;
; 2     ; ^CONF_DONE     ;              ;
; 3     ; ^nCEO          ;              ;
; 4     ; #TDO           ;              ;
; 5     ; VCC_INT        ;              ;
; 6     ; segm_o1[7]     ; TTL          ;
; 7     ; segm_o1[6]     ; TTL          ;
; 8     ; segm_o1[5]     ; TTL          ;
; 9     ; segm_o1[4]     ; TTL          ;
; 10    ; GND_INT        ;              ;
; 11    ; segm_o1[3]     ; TTL          ;
; 12    ; segm_o1[2]     ; TTL          ;
; 13    ; segm_o1[1]     ; TTL          ;
; 14    ; segm_o1[0]     ; TTL          ;
; 15    ; RESERVED_INPUT ;              ;
; 16    ; VCC_INT        ;              ;
; 17    ; segm_o2[7]     ; TTL          ;
; 18    ; segm_o2[6]     ; TTL          ;
; 19    ; segm_o2[5]     ; TTL          ;
; 20    ; segm_o2[4]     ; TTL          ;
; 21    ; segm_o2[3]     ; TTL          ;
; 22    ; GND_INT        ;              ;
; 23    ; segm_o2[2]     ; TTL          ;
; 24    ; segm_o2[1]     ; TTL          ;
; 25    ; segm_o2[0]     ; TTL          ;
; 26    ; RESERVED_INPUT ;              ;
; 27    ; VCC_INT        ;              ;
; 28    ; count_down     ; TTL          ;
; 29    ; count_up       ; TTL          ;
; 30    ; RESERVED_INPUT ;              ;
; 31    ; RESERVED_INPUT ;              ;
; 32    ; GND_INT        ;              ;
; 33    ; RESERVED_INPUT ;              ;
; 34    ; RESERVED_INPUT ;              ;
; 35    ; RESERVED_INPUT ;              ;
; 36    ; RESERVED_INPUT ;              ;
; 37    ; VCC_INT        ;              ;
; 38    ; RESERVED_INPUT ;              ;
; 39    ; RESERVED_INPUT ;              ;
; 40    ; RESERVED_INPUT ;              ;
; 41    ; RESERVED_INPUT ;              ;
; 42    ; GND_INT        ;              ;
; 43    ; RESERVED_INPUT ;              ;
; 44    ; RESERVED_INPUT ;              ;
; 45    ; RESERVED_INPUT ;              ;
; 46    ; RESERVED_INPUT ;              ;
; 47    ; VCC_INT        ;              ;
; 48    ; RESERVED_INPUT ;              ;
; 49    ; RESERVED_INPUT ;              ;
; 50    ; RESERVED_INPUT ;              ;
; 51    ; RESERVED_INPUT ;              ;
; 52    ; GND_INT        ;              ;
; 53    ; RESERVED_INPUT ;              ;
; 54    ; RESERVED_INPUT ;              ;
; 55    ; RESERVED_INPUT ;              ;
; 56    ; RESERVED_INPUT ;              ;
; 57    ; VCC_INT        ;              ;
; 58    ; #TMS           ;              ;
; 59    ; #TRST          ;              ;
; 60    ; ^nSTATUS       ;              ;
; 61    ; RESERVED_INPUT ;              ;
; 62    ; RESERVED_INPUT ;              ;
; 63    ; RESERVED_INPUT ;              ;
; 64    ; RESERVED_INPUT ;              ;
; 65    ; RESERVED_INPUT ;              ;
; 66    ; RESERVED_INPUT ;              ;
; 67    ; RESERVED_INPUT ;              ;
; 68    ; RESERVED_INPUT ;              ;
; 69    ; GND_INT        ;              ;
; 70    ; RESERVED_INPUT ;              ;
; 71    ; RESERVED_INPUT ;              ;
; 72    ; RESERVED_INPUT ;              ;
; 73    ; RESERVED_INPUT ;              ;
; 74    ; RESERVED_INPUT ;              ;
; 75    ; RESERVED_INPUT ;              ;
; 76    ; RESERVED_INPUT ;              ;
; 77    ; VCC_INT        ;              ;
; 78    ; RESERVED_INPUT ;              ;
; 79    ; RESERVED_INPUT ;              ;
; 80    ; RESERVED_INPUT ;              ;
; 81    ; RESERVED_INPUT ;              ;
; 82    ; RESERVED_INPUT ;              ;
; 83    ; RESERVED_INPUT ;              ;
; 84    ; RESERVED_INPUT ;              ;
; 85    ; GND_INT        ;              ;
; 86    ; RESERVED_INPUT ;              ;
; 87    ; RESERVED_INPUT ;              ;
; 88    ; RESERVED_INPUT ;              ;
; 89    ; VCC_INT        ;              ;
; 90    ; GND+           ;              ;
; 91    ; clk            ; TTL          ;
; 92    ; GND+           ;              ;
; 93    ; GND_INT        ;              ;
; 94    ; RESERVED_INPUT ;              ;
; 95    ; RESERVED_INPUT ;              ;
; 96    ; VCC_INT        ;              ;
; 97    ; RESERVED_INPUT ;              ;
; 98    ; RESERVED_INPUT ;              ;
; 99    ; RESERVED_INPUT ;              ;
; 100   ; RESERVED_INPUT ;              ;
; 101   ; RESERVED_INPUT ;              ;
; 102   ; RESERVED_INPUT ;              ;
; 103   ; RESERVED_INPUT ;              ;
; 104   ; GND_INT        ;              ;
; 105   ; RESERVED_INPUT ;              ;
; 106   ; RESERVED_INPUT ;              ;
; 107   ; RESERVED_INPUT ;              ;
; 108   ; RESERVED_INPUT ;              ;
; 109   ; RESERVED_INPUT ;              ;
; 110   ; RESERVED_INPUT ;              ;
; 111   ; RESERVED_INPUT ;              ;
; 112   ; VCC_INT        ;              ;
; 113   ; RESERVED_INPUT ;              ;
; 114   ; RESERVED_INPUT ;              ;
; 115   ; RESERVED_INPUT ;              ;
; 116   ; RESERVED_INPUT ;              ;
; 117   ; RESERVED_INPUT ;              ;
; 118   ; RESERVED_INPUT ;              ;
; 119   ; RESERVED_INPUT ;              ;
; 120   ; RESERVED_INPUT ;              ;
; 121   ; ^nCONFIG       ;              ;
; 122   ; VCC_INT        ;              ;
; 123   ; ^MSEL1         ;              ;
; 124   ; ^MSEL0         ;              ;
; 125   ; GND_INT        ;              ;
; 126   ; RESERVED_INPUT ;              ;
; 127   ; RESERVED_INPUT ;              ;
; 128   ; RESERVED_INPUT ;              ;
; 129   ; RESERVED_INPUT ;              ;
; 130   ; VCC_INT        ;              ;
; 131   ; RESERVED_INPUT ;              ;
; 132   ; RESERVED_INPUT ;              ;
; 133   ; RESERVED_INPUT ;              ;
; 134   ; RESERVED_INPUT ;              ;
; 135   ; GND_INT        ;              ;
; 136   ; RESERVED_INPUT ;              ;
; 137   ; RESERVED_INPUT ;              ;
; 138   ; RESERVED_INPUT ;              ;
; 139   ; RESERVED_INPUT ;              ;
; 140   ; VCC_INT        ;              ;
; 141   ; RESERVED_INPUT ;              ;
; 142   ; RESERVED_INPUT ;              ;
; 143   ; RESERVED_INPUT ;              ;
; 144   ; RESERVED_INPUT ;              ;
; 145   ; GND_INT        ;              ;
; 146   ; RESERVED_INPUT ;              ;
; 147   ; RESERVED_INPUT ;              ;
; 148   ; RESERVED_INPUT ;              ;
; 149   ; RESERVED_INPUT ;              ;
; 150   ; VCC_INT        ;              ;
; 151   ; RESERVED_INPUT ;              ;
; 152   ; RESERVED_INPUT ;              ;
; 153   ; RESERVED_INPUT ;              ;
; 154   ; RESERVED_INPUT ;              ;
; 155   ; GND_INT        ;              ;
; 156   ; RESERVED_INPUT ;              ;
; 157   ; RESERVED_INPUT ;              ;
; 158   ; RESERVED_INPUT ;              ;
; 159   ; RESERVED_INPUT ;              ;
; 160   ; VCC_INT        ;              ;
; 161   ; RESERVED_INPUT ;              ;
; 162   ; RESERVED_INPUT ;              ;
; 163   ; RESERVED_INPUT ;              ;
; 164   ; RESERVED_INPUT ;              ;
; 165   ; GND_INT        ;              ;
; 166   ; RESERVED_INPUT ;              ;
; 167   ; RESERVED_INPUT ;              ;
; 168   ; RESERVED_INPUT ;              ;
; 169   ; RESERVED_INPUT ;              ;
; 170   ; VCC_INT        ;              ;
; 171   ; RESERVED_INPUT ;              ;
; 172   ; RESERVED_INPUT ;              ;
; 173   ; RESERVED_INPUT ;              ;
; 174   ; RESERVED_INPUT ;              ;
; 175   ; RESERVED_INPUT ;              ;
; 176   ; GND_INT        ;              ;
; 177   ; #TDI           ;              ;
; 178   ; ^nCE           ;              ;
; 179   ; ^DCLK          ;              ;
; 180   ; ^DATA0         ;              ;
; 181   ; RESERVED_INPUT ;              ;
; 182   ; RESERVED_INPUT ;              ;
; 183   ; RESERVED_INPUT ;              ;
; 184   ; RESERVED_INPUT ;              ;
; 185   ; RESERVED_INPUT ;              ;
; 186   ; RESERVED_INPUT ;              ;
; 187   ; RESERVED_INPUT ;              ;
; 188   ; RESERVED_INPUT ;              ;
; 189   ; VCC_INT        ;              ;
; 190   ; RESERVED_INPUT ;              ;
; 191   ; RESERVED_INPUT ;              ;
; 192   ; RESERVED_INPUT ;              ;
; 193   ; RESERVED_INPUT ;              ;
; 194   ; RESERVED_INPUT ;              ;
; 195   ; RESERVED_INPUT ;              ;
; 196   ; RESERVED_INPUT ;              ;
; 197   ; GND_INT        ;              ;
; 198   ; RESERVED_INPUT ;              ;
; 199   ; RESERVED_INPUT ;              ;
; 200   ; RESERVED_INPUT ;              ;
; 201   ; RESERVED_INPUT ;              ;
; 202   ; RESERVED_INPUT ;              ;
; 203   ; RESERVED_INPUT ;              ;
; 204   ; RESERVED_INPUT ;              ;
; 205   ; VCC_INT        ;              ;
; 206   ; RESERVED_INPUT ;              ;
; 207   ; RESERVED_INPUT ;              ;
; 208   ; RESERVED_INPUT ;              ;
; 209   ; RESERVED_INPUT ;              ;
; 210   ; GND+           ;              ;
; 211   ; GND+           ;              ;
; 212   ; GND+           ;              ;
; 213   ; RESERVED_INPUT ;              ;
; 214   ; RESERVED_INPUT ;              ;
; 215   ; RESERVED_INPUT ;              ;
; 216   ; GND_INT        ;              ;
; 217   ; RESERVED_INPUT ;              ;
; 218   ; RESERVED_INPUT ;              ;
; 219   ; RESERVED_INPUT ;              ;
; 220   ; RESERVED_INPUT ;              ;
; 221   ; RESERVED_INPUT ;              ;
; 222   ; RESERVED_INPUT ;              ;
; 223   ; RESERVED_INPUT ;              ;
; 224   ; VCC_INT        ;              ;
; 225   ; RESERVED_INPUT ;              ;
; 226   ; RESERVED_INPUT ;              ;
; 227   ; RESERVED_INPUT ;              ;
; 228   ; RESERVED_INPUT ;              ;
; 229   ; RESERVED_INPUT ;              ;
; 230   ; RESERVED_INPUT ;              ;
; 231   ; RESERVED_INPUT ;              ;
; 232   ; GND_INT        ;              ;
; 233   ; RESERVED_INPUT ;              ;
; 234   ; RESERVED_INPUT ;              ;
; 235   ; RESERVED_INPUT ;              ;
; 236   ; RESERVED_INPUT ;              ;
; 237   ; RESERVED_INPUT ;              ;
; 238   ; RESERVED_INPUT ;              ;
; 239   ; RESERVED_INPUT ;              ;
; 240   ; RESERVED_INPUT ;              ;
+-------+----------------+--------------+


+----------------------------------------------------------------------------------------------------------------------------+
; Control Signals                                                                                                            ;
+--------------------------------------------------------------------------+---------+---------+--------------+--------------+
; Name                                                                     ; Pin #   ; Fan-Out ; Usage        ; Global Usage ;
+--------------------------------------------------------------------------+---------+---------+--------------+--------------+
; clk                                                                      ; 91      ; 47      ; Clock        ; Pin          ;
; my8bitdisplay:unitdisp|Mux6~2                                            ; LC2_C33 ; 7       ; Clock enable ; Non-global   ;
; count~13                                                                 ; LC7_C48 ; 4       ; Clock enable ; Non-global   ;
; lpm_counter:count_rtl_0|alt_counter_f10ke:wysi_counter|counter_cell[3]~1 ; LC8_C48 ; 4       ; Sync. load   ; Non-global   ;
+--------------------------------------------------------------------------+---------+---------+--------------+--------------+


+---------------------------------+
; Global & Other Fast Signals     ;
+------+-------+---------+--------+
; Name ; Pin # ; Fan-Out ; Global ;
+------+-------+---------+--------+
; clk  ; 91    ; 47      ; yes    ;
+------+-------+---------+--------+


+---------------------------------------------+
; Carry Chains                                ;
+--------------------+------------------------+
; Carry Chain Length ; Number of Carry Chains ;
+--------------------+------------------------+
; 0 - 1              ; 0                      ;
; 2 - 3              ; 0                      ;
; 4 - 5              ; 3                      ;
; 6 - 7              ; 0                      ;
; 8 - 9              ; 0                      ;
; 10 - 11            ; 0                      ;
; 12 - 13            ; 0                      ;
; 14 - 15            ; 0                      ;
; 16 - 17            ; 0                      ;
; 18 - 19            ; 0                      ;
; 20 - 21            ; 0                      ;
; 22 - 23            ; 0                      ;
; 24 - 25            ; 1                      ;
+--------------------+------------------------+


+----------------+
; Cascade Chains ;
+--------+-------+
; Length ; Count ;
+--------+-------+
; 2      ; 3     ;
+--------+-------+


+-------------------------------------------------------------------------------------------------------------------------------------------------------+
; Non-Global High Fan-Out Signals                                                                                                                       ;
+---------------------------------------------------------------------------------------------------------------------------------------------+---------+
; Name                                                                                                                                        ; Fan-Out ;
+---------------------------------------------------------------------------------------------------------------------------------------------+---------+
; LessThan0~33                                                                                                                                ; 27      ;
; disp_input_unit[2]~6                                                                                                                        ; 8       ;
; disp_input_unit[1]~5                                                                                                                        ; 8       ;
; disp_input_unit[3]~7                                                                                                                        ; 8       ;
; disp_input_unit[0]~4                                                                                                                        ; 7       ;
; my8bitdisplay:unitdisp|Mux6~4                                                                                                               ; 7       ;
; rs_flipflop:main_rs|q~4                                                                                                                     ; 7       ;
; disp_input_digit[0]~5                                                                                                                       ; 4       ;
; lpm_counter:clock_count_rtl_1|alt_counter_f10ke:wysi_counter|counter_cell[16]~COUT                                                          ; 4       ;
; lpm_counter:count_rtl_0|alt_counter_f10ke:wysi_counter|counter_cell[2]~COUT                                                                 ; 4       ;
; lpm_counter:count_rtl_0|alt_counter_f10ke:wysi_counter|counter_cell[1]~COUT                                                                 ; 4       ;
; ~GND~0                                                                                                                                      ; 4       ;
; count~14                                                                                                                                    ; 4       ;
; lpm_counter:count_rtl_0|alt_counter_f10ke:wysi_counter|counter_cell[3]~10                                                                   ; 4       ;
; lpm_counter:clock_count_rtl_1|alt_counter_f10ke:wysi_counter|counter_cell[13]~COUT                                                          ; 3       ;
; lpm_counter:clock_count_rtl_1|alt_counter_f10ke:wysi_counter|counter_cell[21]~COUT                                                          ; 3       ;
; lpm_counter:clock_count_rtl_1|alt_counter_f10ke:wysi_counter|counter_cell[20]~COUT                                                          ; 3       ;
; rs_flipflop:main_rs|q1~4                                                                                                                    ; 3       ;
; lpm_counter:count_rtl_0|alt_counter_f10ke:wysi_counter|counter_cell[3]~9                                                                    ; 3       ;
; lpm_divide:Mod0|lpm_divide_hpl:auto_generated|sign_div_unsign_3kh:divider|alt_u_div_8ke:divider|add_sub_d9c:add_sub_3|add_sub_cella[3]~32   ; 3       ;
; lpm_counter:clock_count_rtl_1|alt_counter_f10ke:wysi_counter|counter_cell[11]~COUT                                                          ; 3       ;
; lpm_counter:clock_count_rtl_1|alt_counter_f10ke:wysi_counter|counter_cell[10]~COUT                                                          ; 3       ;
; LessThan0~29                                                                                                                                ; 3       ;
; lpm_counter:clock_count_rtl_1|alt_counter_f10ke:wysi_counter|counter_cell[15]~COUT                                                          ; 2       ;
; lpm_counter:clock_count_rtl_1|alt_counter_f10ke:wysi_counter|counter_cell[12]~COUT                                                          ; 2       ;
; lpm_counter:clock_count_rtl_1|alt_counter_f10ke:wysi_counter|counter_cell[23]~COUT                                                          ; 2       ;
; lpm_counter:clock_count_rtl_1|alt_counter_f10ke:wysi_counter|counter_cell[22]~COUT                                                          ; 2       ;
; lpm_divide:Mod0|lpm_divide_hpl:auto_generated|sign_div_unsign_3kh:divider|alt_u_div_8ke:divider|add_sub_d9c:add_sub_3|add_sub_cella[1]~COUT ; 2       ;
; lpm_divide:Mod0|lpm_divide_hpl:auto_generated|sign_div_unsign_3kh:divider|alt_u_div_8ke:divider|add_sub_d9c:add_sub_3|add_sub_cella[2]~COUT ; 2       ;
; lpm_divide:Mod0|lpm_divide_hpl:auto_generated|sign_div_unsign_3kh:divider|alt_u_div_8ke:divider|add_sub_d9c:add_sub_3|add_sub_cella[3]~COUT ; 2       ;
; count_up                                                                                                                                    ; 2       ;
; count_down                                                                                                                                  ; 2       ;
; lpm_counter:clock_count_rtl_1|alt_counter_f10ke:wysi_counter|counter_cell[1]~COUT                                                           ; 2       ;
; lpm_counter:clock_count_rtl_1|alt_counter_f10ke:wysi_counter|counter_cell[0]~COUT                                                           ; 2       ;
; lpm_counter:clock_count_rtl_1|alt_counter_f10ke:wysi_counter|counter_cell[3]~COUT                                                           ; 2       ;
; lpm_counter:clock_count_rtl_1|alt_counter_f10ke:wysi_counter|counter_cell[2]~COUT                                                           ; 2       ;
; lpm_counter:clock_count_rtl_1|alt_counter_f10ke:wysi_counter|counter_cell[5]~COUT                                                           ; 2       ;
; lpm_counter:clock_count_rtl_1|alt_counter_f10ke:wysi_counter|counter_cell[4]~COUT                                                           ; 2       ;
; lpm_counter:clock_count_rtl_1|alt_counter_f10ke:wysi_counter|counter_cell[7]~COUT                                                           ; 2       ;
; lpm_counter:clock_count_rtl_1|alt_counter_f10ke:wysi_counter|counter_cell[6]~COUT                                                           ; 2       ;
; lpm_counter:clock_count_rtl_1|alt_counter_f10ke:wysi_counter|counter_cell[8]~COUT                                                           ; 2       ;
; lpm_counter:clock_count_rtl_1|alt_counter_f10ke:wysi_counter|counter_cell[9]~COUT                                                           ; 2       ;
; lpm_counter:count_rtl_0|alt_counter_f10ke:wysi_counter|counter_cell[0]~COUT                                                                 ; 2       ;
; lpm_counter:clock_count_rtl_1|alt_counter_f10ke:wysi_counter|counter_cell[17]~COUT                                                          ; 2       ;
; lpm_counter:clock_count_rtl_1|alt_counter_f10ke:wysi_counter|counter_cell[18]~COUT                                                          ; 2       ;
; lpm_counter:clock_count_rtl_1|alt_counter_f10ke:wysi_counter|counter_cell[19]~COUT                                                          ; 2       ;
; lpm_counter:clock_count_rtl_1|alt_counter_f10ke:wysi_counter|counter_cell[14]~COUT                                                          ; 2       ;
; my8bitdisplay:unitdisp|Mux2~1                                                                                                               ; 1       ;
; my8bitdisplay:unitdisp|Mux0~1                                                                                                               ; 1       ;
; my8bitdisplay:unitdisp|result[3]~17                                                                                                         ; 1       ;
+---------------------------------------------------------------------------------------------------------------------------------------------+---------+


+-------------------------------------------+
; LAB                                       ;
+--------------------------+----------------+
; Number of Logic Elements ; Number of LABs ;
+--------------------------+----------------+
; 0                        ; 453            ;
; 1                        ; 5              ;
; 2                        ; 0              ;
; 3                        ; 0              ;
; 4                        ; 1              ;
; 5                        ; 0              ;
; 6                        ; 1              ;
; 7                        ; 3              ;
; 8                        ; 5              ;
+--------------------------+----------------+


+----------------------------------------------+
; Local Routing Interconnect                   ;
+-----------------------------+----------------+
; Local Routing Interconnects ; Number of LABs ;
+-----------------------------+----------------+
; 0                           ; 461            ;
; 1                           ; 2              ;
; 2                           ; 1              ;
; 3                           ; 0              ;
; 4                           ; 2              ;
; 5                           ; 1              ;
; 6                           ; 0              ;
; 7                           ; 1              ;
+-----------------------------+----------------+


+---------------------------------------------+
; LAB External Interconnect                   ;
+----------------------------+----------------+
; LAB External Interconnects ; Number of LABs ;
+----------------------------+----------------+
; 0                          ; 454            ;
; 1                          ; 4              ;
; 2                          ; 2              ;
; 3                          ; 2              ;
; 4                          ; 2              ;
; 5                          ; 3              ;
; 6                          ; 0              ;
; 7                          ; 0              ;
; 8                          ; 0              ;
; 9                          ; 0              ;
; 10                         ; 0              ;
; 11                         ; 0              ;
; 12                         ; 0              ;
; 13                         ; 0              ;
; 14                         ; 1              ;
+----------------------------+----------------+


+------------------------------------------------------------------------------------------+
; Row Interconnect                                                                         ;
+-------+---------------------+-----------------------------+------------------------------+
; Row   ; Interconnect Used   ; Left Half Interconnect Used ; Right Half Interconnect Used ;
+-------+---------------------+-----------------------------+------------------------------+
;  A    ;  0 / 208 ( 0 % )    ;  0 / 104 ( 0 % )            ;  3 / 104 ( 3 % )             ;
;  B    ;  0 / 208 ( 0 % )    ;  0 / 104 ( 0 % )            ;  4 / 104 ( 4 % )             ;
;  C    ;  4 / 208 ( 2 % )    ;  0 / 104 ( 0 % )            ;  42 / 104 ( 40 % )           ;
;  D    ;  2 / 208 ( < 1 % )  ;  0 / 104 ( 0 % )            ;  0 / 104 ( 0 % )             ;
;  E    ;  0 / 208 ( 0 % )    ;  0 / 104 ( 0 % )            ;  0 / 104 ( 0 % )             ;
;  F    ;  0 / 208 ( 0 % )    ;  0 / 104 ( 0 % )            ;  0 / 104 ( 0 % )             ;
;  G    ;  0 / 208 ( 0 % )    ;  0 / 104 ( 0 % )            ;  0 / 104 ( 0 % )             ;
;  H    ;  0 / 208 ( 0 % )    ;  0 / 104 ( 0 % )            ;  0 / 104 ( 0 % )             ;
;  I    ;  0 / 208 ( 0 % )    ;  0 / 104 ( 0 % )            ;  0 / 104 ( 0 % )             ;
; Total ;  6 / 1872 ( < 1 % ) ;  0 / 936 ( 0 % )            ;  49 / 936 ( 5 % )            ;
+-------+---------------------+-----------------------------+------------------------------+


+-----------------------------+
; LAB Column Interconnect     ;
+-------+---------------------+
; Col.  ; Interconnect Used   ;
+-------+---------------------+
; 1     ;  0 / 24 ( 0 % )     ;
; 2     ;  0 / 24 ( 0 % )     ;
; 3     ;  0 / 24 ( 0 % )     ;
; 4     ;  0 / 24 ( 0 % )     ;
; 5     ;  0 / 24 ( 0 % )     ;
; 6     ;  0 / 24 ( 0 % )     ;
; 7     ;  0 / 24 ( 0 % )     ;
; 8     ;  0 / 24 ( 0 % )     ;
; 9     ;  0 / 24 ( 0 % )     ;
; 10    ;  0 / 24 ( 0 % )     ;
; 11    ;  0 / 24 ( 0 % )     ;
; 12    ;  0 / 24 ( 0 % )     ;
; 13    ;  0 / 24 ( 0 % )     ;
; 14    ;  0 / 24 ( 0 % )     ;
; 15    ;  0 / 24 ( 0 % )     ;
; 16    ;  0 / 24 ( 0 % )     ;
; 17    ;  0 / 24 ( 0 % )     ;
; 18    ;  0 / 24 ( 0 % )     ;
; 19    ;  0 / 24 ( 0 % )     ;
; 20    ;  0 / 24 ( 0 % )     ;
; 21    ;  0 / 24 ( 0 % )     ;
; 22    ;  0 / 24 ( 0 % )     ;
; 23    ;  0 / 24 ( 0 % )     ;
; 24    ;  0 / 24 ( 0 % )     ;
; 25    ;  0 / 24 ( 0 % )     ;
; 26    ;  0 / 24 ( 0 % )     ;
; 27    ;  0 / 24 ( 0 % )     ;
; 28    ;  0 / 24 ( 0 % )     ;
; 29    ;  0 / 24 ( 0 % )     ;
; 30    ;  0 / 24 ( 0 % )     ;
; 31    ;  0 / 24 ( 0 % )     ;
; 32    ;  0 / 24 ( 0 % )     ;
; 33    ;  0 / 24 ( 0 % )     ;
; 34    ;  0 / 24 ( 0 % )     ;
; 35    ;  0 / 24 ( 0 % )     ;
; 36    ;  4 / 24 ( 17 % )    ;
; 37    ;  0 / 24 ( 0 % )     ;
; 38    ;  0 / 24 ( 0 % )     ;
; 39    ;  0 / 24 ( 0 % )     ;
; 40    ;  1 / 24 ( 4 % )     ;
; 41    ;  0 / 24 ( 0 % )     ;
; 42    ;  0 / 24 ( 0 % )     ;
; 43    ;  0 / 24 ( 0 % )     ;
; 44    ;  1 / 24 ( 4 % )     ;
; 45    ;  0 / 24 ( 0 % )     ;
; 46    ;  0 / 24 ( 0 % )     ;
; 47    ;  0 / 24 ( 0 % )     ;
; 48    ;  1 / 24 ( 4 % )     ;
; 49    ;  1 / 24 ( 4 % )     ;
; 50    ;  0 / 24 ( 0 % )     ;
; 51    ;  0 / 24 ( 0 % )     ;
; 52    ;  0 / 24 ( 0 % )     ;
; Total ;  8 / 1248 ( < 1 % ) ;
+-------+---------------------+


+---------------------------+
; LAB Column Interconnect   ;
+-------+-------------------+
; Col.  ; Interconnect Used ;
+-------+-------------------+
; 1     ;  0 / 24 ( 0 % )   ;
; Total ;  0 / 24 ( 0 % )   ;
+-------+-------------------+


+--------------------------------------------------------+
; Fitter Resource Usage Summary                          ;
+-----------------------------------+--------------------+
; Resource                          ; Usage              ;
+-----------------------------------+--------------------+
; Total logic elements              ; 76 / 3,744 ( 2 % ) ;
; Registers                         ; 47 / 3,744 ( 1 % ) ;
; Logic elements in carry chains    ; 37                 ;
; User inserted logic elements      ; 0                  ;
; I/O pins                          ; 19 / 189 ( 10 % )  ;
;     -- Clock pins                 ; 2 / 2 ( 100 % )    ;
;     -- Dedicated input pins       ; 2 / 4 ( 50 % )     ;
; Global signals                    ; 1                  ;
; EABs                              ; 0 / 9 ( 0 % )      ;
; Total memory bits                 ; 0 / 18,432 ( 0 % ) ;
; Total RAM block bits              ; 0 / 18,432 ( 0 % ) ;
; Maximum fan-out node              ; clk                ;
; Maximum fan-out                   ; 47                 ;
; Highest non-global fan-out signal ; LessThan0~7        ;
; Highest non-global fan-out        ; 27                 ;
; Total fan-out                     ; 253                ;
; Average fan-out                   ; 2.66               ;
+-----------------------------------+--------------------+


+----------------------------------------------------------------------------------------------------------------------------------------------------------------------------------------------------------------------------------------------------------------------------------------------------------------------------------+
; Fitter Resource Utilization by Entity                                                                                                                                                                                                                                                                                            ;
+----------------------------------------+-------------+--------------+-------------+------+--------------+-------------------+------------------+-----------------+------------+-----------------------------------------------------------------------------------------------------------------------------------+--------------+
; Compilation Hierarchy Node             ; Logic Cells ; LC Registers ; Memory Bits ; Pins ; LUT-Only LCs ; Register-Only LCs ; LUT/Register LCs ; Carry Chain LCs ; Packed LCs ; Full Hierarchy Name                                                                                                               ; Library Name ;
+----------------------------------------+-------------+--------------+-------------+------+--------------+-------------------+------------------+-----------------+------------+-----------------------------------------------------------------------------------------------------------------------------------+--------------+
; |my_counter                            ; 76 (18)     ; 47           ; 0           ; 19   ; 29 (13)      ; 10 (1)            ; 37 (4)           ; 37 (1)          ; 0 (0)      ; |my_counter                                                                                                                       ; work         ;
;    |lpm_counter:clock_count_rtl_1|     ; 25 (0)      ; 25           ; 0           ; 0    ; 0 (0)        ; 0 (0)             ; 25 (0)           ; 25 (0)          ; 0 (0)      ; |my_counter|lpm_counter:clock_count_rtl_1                                                                                         ; work         ;
;       |alt_counter_f10ke:wysi_counter| ; 25 (25)     ; 25           ; 0           ; 0    ; 0 (0)        ; 0 (0)             ; 25 (25)          ; 25 (25)         ; 0 (0)      ; |my_counter|lpm_counter:clock_count_rtl_1|alt_counter_f10ke:wysi_counter                                                          ; work         ;
;    |lpm_counter:count_rtl_0|           ; 5 (0)       ; 4            ; 0           ; 0    ; 1 (0)        ; 0 (0)             ; 4 (0)            ; 4 (0)           ; 0 (0)      ; |my_counter|lpm_counter:count_rtl_0                                                                                               ; work         ;
;       |alt_counter_f10ke:wysi_counter| ; 5 (5)       ; 4            ; 0           ; 0    ; 1 (1)        ; 0 (0)             ; 4 (4)            ; 4 (4)           ; 0 (0)      ; |my_counter|lpm_counter:count_rtl_0|alt_counter_f10ke:wysi_counter                                                                ; work         ;
;    |lpm_divide:Div0|                   ; 3 (0)       ; 0            ; 0           ; 0    ; 3 (0)        ; 0 (0)             ; 0 (0)            ; 3 (0)           ; 0 (0)      ; |my_counter|lpm_divide:Div0                                                                                                       ; work         ;
;       |lpm_divide_e1m:auto_generated|  ; 3 (0)       ; 0            ; 0           ; 0    ; 3 (0)        ; 0 (0)             ; 0 (0)            ; 3 (0)           ; 0 (0)      ; |my_counter|lpm_divide:Div0|lpm_divide_e1m:auto_generated                                                                         ; work         ;
;          |sign_div_unsign_3kh:divider| ; 3 (0)       ; 0            ; 0           ; 0    ; 3 (0)        ; 0 (0)             ; 0 (0)            ; 3 (0)           ; 0 (0)      ; |my_counter|lpm_divide:Div0|lpm_divide_e1m:auto_generated|sign_div_unsign_3kh:divider                                             ; work         ;
;             |alt_u_div_8ke:divider|    ; 3 (0)       ; 0            ; 0           ; 0    ; 3 (0)        ; 0 (0)             ; 0 (0)            ; 3 (0)           ; 0 (0)      ; |my_counter|lpm_divide:Div0|lpm_divide_e1m:auto_generated|sign_div_unsign_3kh:divider|alt_u_div_8ke:divider                       ; work         ;
;                |add_sub_d9c:add_sub_3| ; 3 (3)       ; 0            ; 0           ; 0    ; 3 (3)        ; 0 (0)             ; 0 (0)            ; 3 (3)           ; 0 (0)      ; |my_counter|lpm_divide:Div0|lpm_divide_e1m:auto_generated|sign_div_unsign_3kh:divider|alt_u_div_8ke:divider|add_sub_d9c:add_sub_3 ; work         ;
;    |lpm_divide:Mod0|                   ; 4 (0)       ; 0            ; 0           ; 0    ; 4 (0)        ; 0 (0)             ; 0 (0)            ; 4 (0)           ; 0 (0)      ; |my_counter|lpm_divide:Mod0                                                                                                       ; work         ;
;       |lpm_divide_hpl:auto_generated|  ; 4 (0)       ; 0            ; 0           ; 0    ; 4 (0)        ; 0 (0)             ; 0 (0)            ; 4 (0)           ; 0 (0)      ; |my_counter|lpm_divide:Mod0|lpm_divide_hpl:auto_generated                                                                         ; work         ;
;          |sign_div_unsign_3kh:divider| ; 4 (0)       ; 0            ; 0           ; 0    ; 4 (0)        ; 0 (0)             ; 0 (0)            ; 4 (0)           ; 0 (0)      ; |my_counter|lpm_divide:Mod0|lpm_divide_hpl:auto_generated|sign_div_unsign_3kh:divider                                             ; work         ;
;             |alt_u_div_8ke:divider|    ; 4 (0)       ; 0            ; 0           ; 0    ; 4 (0)        ; 0 (0)             ; 0 (0)            ; 4 (0)           ; 0 (0)      ; |my_counter|lpm_divide:Mod0|lpm_divide_hpl:auto_generated|sign_div_unsign_3kh:divider|alt_u_div_8ke:divider                       ; work         ;
;                |add_sub_d9c:add_sub_3| ; 4 (4)       ; 0            ; 0           ; 0    ; 4 (4)        ; 0 (0)             ; 0 (0)            ; 4 (4)           ; 0 (0)      ; |my_counter|lpm_divide:Mod0|lpm_divide_hpl:auto_generated|sign_div_unsign_3kh:divider|alt_u_div_8ke:divider|add_sub_d9c:add_sub_3 ; work         ;
;    |my8bitdisplay:digitdisp|           ; 4 (4)       ; 4            ; 0           ; 0    ; 0 (0)        ; 4 (4)             ; 0 (0)            ; 0 (0)           ; 0 (0)      ; |my_counter|my8bitdisplay:digitdisp                                                                                               ; work         ;
;    |my8bitdisplay:unitdisp|            ; 15 (15)     ; 7            ; 0           ; 0    ; 8 (8)        ; 5 (5)             ; 2 (2)            ; 0 (0)           ; 0 (0)      ; |my_counter|my8bitdisplay:unitdisp                                                                                                ; work         ;
;    |rs_flipflop:main_rs|               ; 2 (2)       ; 2            ; 0           ; 0    ; 0 (0)        ; 0 (0)             ; 2 (2)            ; 0 (0)           ; 0 (0)      ; |my_counter|rs_flipflop:main_rs                                                                                                   ; work         ;
+----------------------------------------+-------------+--------------+-------------+------+--------------+-------------------+------------------+-----------------+------------+-----------------------------------------------------------------------------------------------------------------------------------+--------------+
Note: For table entries with two numbers listed, the numbers in parentheses indicate the number of resources of the given type used by the specific entity alone. The numbers listed outside of parentheses indicate the total resources of the given type used by the specific entity and all of its sub-entities in the hierarchy.


+-------------------------------------+
; Delay Chain Summary                 ;
+------------+----------+-------------+
; Name       ; Pin Type ; Pad to Core ;
+------------+----------+-------------+
; clk        ; Input    ; OFF         ;
; count_up   ; Input    ; OFF         ;
; count_down ; Input    ; OFF         ;
; segm_o1[0] ; Output   ; OFF         ;
; segm_o1[1] ; Output   ; OFF         ;
; segm_o1[2] ; Output   ; OFF         ;
; segm_o1[3] ; Output   ; OFF         ;
; segm_o1[4] ; Output   ; OFF         ;
; segm_o1[5] ; Output   ; OFF         ;
; segm_o1[6] ; Output   ; OFF         ;
; segm_o1[7] ; Output   ; OFF         ;
; segm_o2[0] ; Output   ; OFF         ;
; segm_o2[1] ; Output   ; OFF         ;
; segm_o2[2] ; Output   ; OFF         ;
; segm_o2[3] ; Output   ; OFF         ;
; segm_o2[4] ; Output   ; OFF         ;
; segm_o2[5] ; Output   ; OFF         ;
; segm_o2[6] ; Output   ; OFF         ;
; segm_o2[7] ; Output   ; OFF         ;
+------------+----------+-------------+


+--------------+
; Pin-Out File ;
+--------------+
The pin-out file can be found in C:/Users/User/Desktop/verilog/counter.pin.


+-----------------+
; Fitter Messages ;
+-----------------+
Info: *******************************************************************
Info: Running Quartus II Fitter
    Info: Version 9.0 Build 235 06/17/2009 Service Pack 2 SJ Web Edition
    Info: Processing started: Wed Jan 24 14:44:46 2018
Info: Command: quartus_fit --read_settings_files=off --write_settings_files=off counter -c counter
Info: Selected device EPF10K70RC240-4 for design "counter"
Warning: Feature SignalProbe is not available with your current license
Info: Fitter is using the Classic Timing Analyzer
Info: Timing requirements not specified -- optimizing circuit to achieve the following default global requirements
    Info: Assuming a global fmax requirement of 1000 MHz
    Info: Not setting a global tsu requirement
    Info: Not setting a global tco requirement
    Info: Not setting a global tpd requirement
Info: Inserted 0 logic cells in first fitting attempt
Info: Started fitting attempt 1 on Wed Jan 24 2018 at 14:44:46
Info: Fitter placement preparation operations beginning
Info: Fitter placement preparation operations ending: elapsed time is 00:00:00
Info: Fitter placement operations beginning
Info: Fitter placement operations ending: elapsed time is 00:00:00
Info: Fitter routing operations beginning
Info: Fitter routing operations ending: elapsed time is 00:00:00
Info: Quartus II Fitter was successful. 0 errors, 1 warning
    Info: Peak virtual memory: 281 megabytes
    Info: Processing ended: Wed Jan 24 14:44:50 2018
    Info: Elapsed time: 00:00:04
    Info: Total CPU time (on all processors): 00:00:03


